Scenario Log: A5_edge_anomaly
Architecture: edge_filtered   Protocol: mqtt
Traffic: peak   Spots: 500   Duration: 86400s
========================================================================

SUMMARY
  Anomalies detected    : 906
  Anomalies resolved    : 894
  Active at end         : 12
  Affected spots        : 30
  Quarantined at end    : 29
  Quarantine suppressed : 39
  Heartbeats suppressed : 33207
  Adaptive mode switches: 0

EVENT LOG
  t_virtual(s)  event                   detail
------------------------------------------------------------------------
         150.0  ANOMALY_FLAG            spot=324 rule=seq_integrity
         210.0  ANOMALY_FLAG            spot=289 rule=seq_integrity
         300.0  ANOMALY_FLAG            spot=322 rule=seq_integrity
         390.0  QUARANTINE_ADD          spot=104 incidents=5 rules=['seq_integrity']
         390.0  ANOMALY_FLAG            spot=104 rule=seq_integrity
         420.0  ANOMALY_FLAG            spot=42 rule=seq_integrity
         570.0  ANOMALY_FLAG            spot=65 rule=seq_integrity
         600.0  QUARANTINE_ADD          spot=322 incidents=7 rules=['seq_integrity']
         600.0  ANOMALY_FLAG            spot=322 rule=seq_integrity
         660.0  ANOMALY_FLAG            spot=354 rule=seq_integrity
         660.0  ANOMALY_FLAG            spot=258 rule=seq_integrity
         720.0  QUARANTINE_ADD          spot=289 incidents=9 rules=['seq_integrity']
         720.0  ANOMALY_FLAG            spot=289 rule=seq_integrity
         780.0  QUARANTINE_ADD          spot=224 incidents=5 rules=['seq_integrity']
         780.0  ANOMALY_FLAG            spot=224 rule=seq_integrity
         810.0  ANOMALY_FLAG            spot=164 rule=seq_integrity
         840.0  QUARANTINE_ADD          spot=285 incidents=6 rules=['seq_integrity']
         840.0  ANOMALY_FLAG            spot=285 rule=seq_integrity
         870.0  ANOMALY_FLAG            spot=176 rule=seq_integrity
         930.0  ANOMALY_FLAG            spot=308 rule=seq_integrity
         990.0  ANOMALY_FLAG            spot=470 rule=seq_integrity
        1230.0  ANOMALY_FLAG            spot=435 rule=seq_integrity
        1260.0  ANOMALY_FLAG            spot=428 rule=seq_integrity
        1380.0  ANOMALY_FLAG            spot=65 rule=seq_integrity
        1530.0  QUARANTINE_ADD          spot=490 incidents=7 rules=['seq_integrity']
        1530.0  ANOMALY_FLAG            spot=490 rule=seq_integrity
        1530.0  ANOMALY_FLAG            spot=376 rule=seq_integrity
        1710.0  ANOMALY_FLAG            spot=285 rule=seq_integrity
        1830.0  ANOMALY_FLAG            spot=258 rule=seq_integrity
        1890.0  ANOMALY_FLAG            spot=104 rule=seq_integrity
        2100.0  ANOMALY_FLAG            spot=324 rule=seq_integrity
        2100.0  ANOMALY_FLAG            spot=490 rule=seq_integrity
        2100.0  ANOMALY_FLAG            spot=322 rule=seq_integrity
        2220.0  ANOMALY_FLAG            spot=104 rule=rate_outlier
        2250.0  ANOMALY_FLAG            spot=164 rule=seq_integrity
        2370.0  ANOMALY_FLAG            spot=376 rule=seq_integrity
        2730.0  ANOMALY_FLAG            spot=435 rule=seq_integrity
        2790.0  ANOMALY_FLAG            spot=470 rule=seq_integrity
        2850.0  ANOMALY_FLAG            spot=324 rule=seq_integrity
        2880.0  ANOMALY_FLAG            spot=354 rule=seq_integrity
        2880.0  ANOMALY_FLAG            spot=42 rule=seq_integrity
        2940.0  ANOMALY_FLAG            spot=224 rule=seq_integrity
        3030.0  ANOMALY_FLAG            spot=104 rule=seq_integrity
        3060.0  QUARANTINE_ADD          spot=324 incidents=6 rules=['seq_integrity']
        3060.0  ANOMALY_FLAG            spot=324 rule=seq_integrity
        3090.0  ANOMALY_FLAG            spot=308 rule=seq_integrity
        3120.0  ANOMALY_FLAG            spot=435 rule=seq_integrity
        3270.0  ANOMALY_FLAG            spot=428 rule=seq_integrity
        3330.0  ANOMALY_FLAG            spot=258 rule=seq_integrity
        3600.0  ANOMALY_FLAG            spot=490 rule=seq_integrity
        3750.0  ANOMALY_FLAG            spot=324 rule=seq_integrity
        3900.0  ANOMALY_FLAG            spot=322 rule=seq_integrity
        3990.0  ANOMALY_FLAG            spot=343 rule=seq_integrity
        4020.0  ANOMALY_FLAG            spot=104 rule=seq_integrity
        4020.0  ANOMALY_FLAG            spot=42 rule=seq_integrity
        4110.0  QUARANTINE_ADD          spot=435 incidents=7 rules=['seq_integrity']
        4110.0  ANOMALY_FLAG            spot=435 rule=seq_integrity
        4170.0  ANOMALY_FLAG            spot=176 rule=seq_integrity
        4260.0  ANOMALY_FLAG            spot=354 rule=seq_integrity
        4260.0  ANOMALY_FLAG            spot=258 rule=seq_integrity
        4320.0  ANOMALY_FLAG            spot=289 rule=seq_integrity
        4380.0  ANOMALY_FLAG            spot=224 rule=seq_integrity
        4410.0  QUARANTINE_ADD          spot=164 incidents=6 rules=['seq_integrity']
        4410.0  ANOMALY_FLAG            spot=164 rule=seq_integrity
        4590.0  QUARANTINE_ADD          spot=176 incidents=7 rules=['seq_integrity']
        4590.0  ANOMALY_FLAG            spot=308 rule=seq_integrity
        4590.0  ANOMALY_FLAG            spot=176 rule=seq_integrity
        4620.0  ANOMALY_FLAG            spot=409 rule=seq_integrity
        4620.0  ANOMALY_FLAG            spot=435 rule=seq_integrity
        4650.0  ANOMALY_FLAG            spot=324 rule=seq_integrity
        4920.0  ANOMALY_FLAG            spot=354 rule=seq_integrity
        4950.0  QUARANTINE_ADD          spot=354 incidents=5 rules=['seq_integrity']
        5130.0  QUARANTINE_ADD          spot=376 incidents=6 rules=['seq_integrity']
        5130.0  ANOMALY_FLAG            spot=490 rule=seq_integrity
        5130.0  ANOMALY_FLAG            spot=376 rule=seq_integrity
        5160.0  QUARANTINE_ADD          spot=258 incidents=5 rules=['seq_integrity']
        5160.0  ANOMALY_FLAG            spot=258 rule=seq_integrity
        5310.0  ANOMALY_FLAG            spot=164 rule=seq_integrity
        5340.0  ANOMALY_FLAG            spot=285 rule=seq_integrity
        5490.0  ANOMALY_FLAG            spot=176 rule=seq_integrity
        5490.0  ANOMALY_FLAG            spot=470 rule=seq_integrity
        5550.0  ANOMALY_FLAG            spot=324 rule=seq_integrity
        5790.0  ANOMALY_FLAG            spot=240 rule=seq_integrity
        5790.0  ANOMALY_FLAG            spot=285 rule=seq_integrity
        5880.0  ANOMALY_FLAG            spot=65 rule=seq_integrity
        6060.0  ANOMALY_FLAG            spot=164 rule=seq_integrity
        6120.0  ANOMALY_FLAG            spot=435 rule=seq_integrity
        6330.0  ANOMALY_FLAG            spot=308 rule=seq_integrity
        6360.0  ANOMALY_FLAG            spot=176 rule=seq_integrity
        6600.0  ANOMALY_FLAG            spot=14 rule=seq_integrity
        6630.0  ANOMALY_FLAG            spot=490 rule=seq_integrity
        6630.0  ANOMALY_FLAG            spot=376 rule=seq_integrity
        6690.0  ANOMALY_FLAG            spot=274 rule=seq_integrity
        6750.0  ANOMALY_FLAG            spot=224 rule=seq_integrity
        6930.0  ANOMALY_FLAG            spot=490 rule=rate_outlier
        7080.0  ANOMALY_FLAG            spot=224 rule=rate_outlier
        7230.0  ANOMALY_FLAG            spot=389 rule=silent
        7230.0  ANOMALY_FLAG            spot=132 rule=silent
        7230.0  ANOMALY_FLAG            spot=317 rule=silent
        7230.0  ANOMALY_FLAG            spot=375 rule=silent
        7230.0  ANOMALY_FLAG            spot=254 rule=silent
        7230.0  ANOMALY_FLAG            spot=119 rule=silent
        7500.0  ANOMALY_FLAG            spot=104 rule=seq_integrity
        7590.0  ANOMALY_FLAG            spot=164 rule=seq_integrity
        7590.0  ANOMALY_FLAG            spot=407 rule=seq_integrity
        7620.0  ANOMALY_FLAG            spot=104 rule=rate_outlier
        7620.0  ANOMALY_FLAG            spot=104 rule=seq_integrity
        7620.0  ANOMALY_FLAG            spot=435 rule=seq_integrity
        7710.0  ANOMALY_FLAG            spot=435 rule=seq_integrity
        7860.0  ANOMALY_FLAG            spot=354 rule=seq_integrity
        7920.0  ANOMALY_FLAG            spot=289 rule=seq_integrity
        7920.0  ANOMALY_FLAG            spot=322 rule=seq_integrity
        7950.0  QUARANTINE_ADD          spot=119 incidents=5 rules=['silent']
        7950.0  QUARANTINE_ADD          spot=132 incidents=5 rules=['silent']
        7950.0  QUARANTINE_ADD          spot=254 incidents=5 rules=['silent']
        7950.0  QUARANTINE_ADD          spot=317 incidents=5 rules=['silent']
        7950.0  QUARANTINE_ADD          spot=375 incidents=5 rules=['silent']
        7950.0  QUARANTINE_ADD          spot=389 incidents=5 rules=['silent']
        7980.0  ANOMALY_FLAG            spot=224 rule=seq_integrity
        8010.0  ANOMALY_FLAG            spot=164 rule=seq_integrity
        8250.0  ANOMALY_FLAG            spot=224 rule=seq_integrity
        8400.0  ANOMALY_FLAG            spot=322 rule=rate_outlier
        8460.0  ANOMALY_FLAG            spot=428 rule=seq_integrity
        8520.0  ANOMALY_FLAG            spot=42 rule=seq_integrity
        8730.0  ANOMALY_FLAG            spot=490 rule=seq_integrity
        8760.0  ANOMALY_FLAG            spot=258 rule=seq_integrity
        8820.0  ANOMALY_FLAG            spot=470 rule=seq_integrity
        8910.0  ANOMALY_FLAG            spot=164 rule=seq_integrity
        8910.0  ANOMALY_FLAG            spot=402 rule=seq_integrity
        9000.0  ANOMALY_FLAG            spot=104 rule=seq_integrity
        9090.0  QUARANTINE_ADD          spot=308 incidents=5 rules=['seq_integrity']
        9090.0  QUARANTINE_ADD          spot=470 incidents=5 rules=['seq_integrity']
        9090.0  ANOMALY_FLAG            spot=164 rule=seq_integrity
        9090.0  ANOMALY_FLAG            spot=308 rule=seq_integrity
        9090.0  ANOMALY_FLAG            spot=470 rule=seq_integrity
        9150.0  ANOMALY_FLAG            spot=324 rule=seq_integrity
        9150.0  ANOMALY_FLAG            spot=40 rule=seq_integrity
        9150.0  ANOMALY_FLAG            spot=435 rule=seq_integrity
        9240.0  ANOMALY_FLAG            spot=450 rule=seq_integrity
        9270.0  ANOMALY_FLAG            spot=42 rule=seq_integrity
        9300.0  QUARANTINE_ADD          spot=42 incidents=5 rules=['seq_integrity']
        9330.0  ANOMALY_FLAG            spot=453 rule=seq_integrity
        9360.0  QUARANTINE_ADD          spot=428 incidents=6 rules=['seq_integrity']
        9360.0  ANOMALY_FLAG            spot=428 rule=seq_integrity
        9390.0  ANOMALY_FLAG            spot=152 rule=seq_integrity
        9420.0  ANOMALY_FLAG            spot=322 rule=seq_integrity
        9480.0  ANOMALY_FLAG            spot=65 rule=seq_integrity
        9510.0  ANOMALY_FLAG            spot=376 rule=seq_integrity
        9600.0  ANOMALY_FLAG            spot=206 rule=seq_integrity
        9630.0  ANOMALY_FLAG            spot=376 rule=seq_integrity
        9750.0  ANOMALY_FLAG            spot=224 rule=seq_integrity
        9810.0  ANOMALY_FLAG            spot=176 rule=seq_integrity
        9810.0  ANOMALY_FLAG            spot=285 rule=seq_integrity
        9930.0  ANOMALY_FLAG            spot=308 rule=seq_integrity
        9990.0  ANOMALY_FLAG            spot=176 rule=seq_integrity
       10320.0  ANOMALY_FLAG            spot=465 rule=seq_integrity
       10530.0  ANOMALY_FLAG            spot=376 rule=seq_integrity
       10590.0  ANOMALY_FLAG            spot=164 rule=seq_integrity
       10590.0  ANOMALY_FLAG            spot=308 rule=seq_integrity
       10800.0  ANOMALY_FLAG            spot=386 rule=seq_integrity
       10890.0  ANOMALY_FLAG            spot=215 rule=seq_integrity
       11100.0  ANOMALY_FLAG            spot=322 rule=seq_integrity
       11160.0  ANOMALY_FLAG            spot=166 rule=seq_integrity
       11220.0  ANOMALY_FLAG            spot=104 rule=seq_integrity
       11310.0  ANOMALY_FLAG            spot=224 rule=seq_integrity
       11460.0  ANOMALY_FLAG            spot=354 rule=seq_integrity
       11520.0  ANOMALY_FLAG            spot=289 rule=seq_integrity
       11580.0  ANOMALY_FLAG            spot=224 rule=rate_outlier
       11580.0  ANOMALY_FLAG            spot=224 rule=seq_integrity
       11640.0  ANOMALY_FLAG            spot=289 rule=seq_integrity
       11820.0  ANOMALY_FLAG            spot=285 rule=seq_integrity
       12090.0  ANOMALY_FLAG            spot=164 rule=seq_integrity
       12090.0  ANOMALY_FLAG            spot=308 rule=seq_integrity
       12090.0  ANOMALY_FLAG            spot=104 rule=seq_integrity
       12120.0  ANOMALY_FLAG            spot=104 rule=rate_outlier
       12150.0  ANOMALY_FLAG            spot=113 rule=seq_integrity
       12180.0  ANOMALY_FLAG            spot=376 rule=seq_integrity
       12180.0  ANOMALY_FLAG            spot=209 rule=seq_integrity
       12180.0  ANOMALY_FLAG            spot=470 rule=seq_integrity
       12330.0  ANOMALY_FLAG            spot=490 rule=seq_integrity
       12330.0  ANOMALY_FLAG            spot=376 rule=seq_integrity
       12480.0  ANOMALY_FLAG            spot=435 rule=seq_integrity
       12510.0  ANOMALY_FLAG            spot=164 rule=seq_integrity
       12690.0  ANOMALY_FLAG            spot=176 rule=seq_integrity
       12750.0  ANOMALY_FLAG            spot=324 rule=seq_integrity
       12810.0  ANOMALY_FLAG            spot=224 rule=seq_integrity
       12870.0  ANOMALY_FLAG            spot=152 rule=seq_integrity
       13020.0  ANOMALY_FLAG            spot=42 rule=seq_integrity
       13080.0  ANOMALY_FLAG            spot=65 rule=seq_integrity
       13110.0  ANOMALY_FLAG            spot=435 rule=seq_integrity
       13140.0  ANOMALY_FLAG            spot=289 rule=seq_integrity
       13170.0  ANOMALY_FLAG            spot=422 rule=seq_integrity
       13170.0  ANOMALY_FLAG            spot=65 rule=seq_integrity
       13320.0  ANOMALY_FLAG            spot=289 rule=rate_outlier
       13320.0  ANOMALY_FLAG            spot=285 rule=seq_integrity
       13380.0  ANOMALY_FLAG            spot=224 rule=rate_outlier
       13410.0  ANOMALY_FLAG            spot=164 rule=seq_integrity
       13440.0  ANOMALY_FLAG            spot=285 rule=seq_integrity
       13590.0  ANOMALY_FLAG            spot=104 rule=rate_outlier
       13590.0  ANOMALY_FLAG            spot=104 rule=seq_integrity
       13590.0  ANOMALY_FLAG            spot=176 rule=seq_integrity
       13590.0  ANOMALY_FLAG            spot=470 rule=seq_integrity
       13650.0  ANOMALY_FLAG            spot=324 rule=seq_integrity
       13710.0  ANOMALY_FLAG            spot=376 rule=seq_integrity
       13920.0  ANOMALY_FLAG            spot=390 rule=seq_integrity
       13980.0  ANOMALY_FLAG            spot=435 rule=seq_integrity
       14130.0  ANOMALY_FLAG            spot=376 rule=seq_integrity
       14250.0  ANOMALY_FLAG            spot=107 rule=seq_integrity
       14310.0  ANOMALY_FLAG            spot=224 rule=seq_integrity
       14430.0  ANOMALY_FLAG            spot=322 rule=seq_integrity
       14670.0  ANOMALY_FLAG            spot=289 rule=seq_integrity
       14700.0  ANOMALY_FLAG            spot=289 rule=rate_outlier
       14700.0  ANOMALY_FLAG            spot=322 rule=seq_integrity
       14730.0  ANOMALY_FLAG            spot=258 rule=seq_integrity
       14820.0  ANOMALY_FLAG            spot=104 rule=seq_integrity
       14970.0  ANOMALY_FLAG            spot=354 rule=seq_integrity
       15000.0  ANOMALY_FLAG            spot=201 rule=seq_integrity
       15060.0  ANOMALY_FLAG            spot=354 rule=seq_integrity
       15090.0  ANOMALY_FLAG            spot=164 rule=seq_integrity
       15120.0  ANOMALY_FLAG            spot=289 rule=seq_integrity
       15180.0  ANOMALY_FLAG            spot=224 rule=seq_integrity
       15630.0  ANOMALY_FLAG            spot=435 rule=seq_integrity
       15690.0  ANOMALY_FLAG            spot=324 rule=seq_integrity
       15750.0  ANOMALY_FLAG            spot=490 rule=seq_integrity
       15780.0  QUARANTINE_RELEASE      spot=428 reason=score recovered (5 clean ticks)
       15930.0  ANOMALY_FLAG            spot=490 rule=seq_integrity
       15960.0  ANOMALY_FLAG            spot=258 rule=seq_integrity
       16110.0  ANOMALY_FLAG            spot=164 rule=seq_integrity
       16200.0  ANOMALY_FLAG            spot=289 rule=seq_integrity
       16230.0  ANOMALY_FLAG            spot=289 rule=rate_outlier
       16350.0  ANOMALY_FLAG            spot=324 rule=seq_integrity
       16350.0  ANOMALY_FLAG            spot=224 rule=rate_outlier
       16350.0  ANOMALY_FLAG            spot=224 rule=seq_integrity
       16410.0  ANOMALY_FLAG            spot=104 rule=seq_integrity
       16500.0  ANOMALY_FLAG            spot=354 rule=seq_integrity
       16680.0  ANOMALY_FLAG            spot=164 rule=seq_integrity
       16710.0  ANOMALY_FLAG            spot=470 rule=seq_integrity
       16710.0  ANOMALY_FLAG            spot=435 rule=seq_integrity
       17040.0  ANOMALY_FLAG            spot=258 rule=seq_integrity
       17130.0  ANOMALY_FLAG            spot=308 rule=seq_integrity
       17130.0  ANOMALY_FLAG            spot=435 rule=seq_integrity
       17190.0  ANOMALY_FLAG            spot=324 rule=seq_integrity
       17190.0  ANOMALY_FLAG            spot=248 rule=seq_integrity
       17190.0  ANOMALY_FLAG            spot=176 rule=seq_integrity
       17190.0  ANOMALY_FLAG            spot=470 rule=seq_integrity
       17250.0  ANOMALY_FLAG            spot=324 rule=seq_integrity
       17250.0  ANOMALY_FLAG            spot=490 rule=seq_integrity
       17310.0  ANOMALY_FLAG            spot=376 rule=seq_integrity
       17520.0  ANOMALY_FLAG            spot=42 rule=seq_integrity
       17580.0  ANOMALY_FLAG            spot=65 rule=seq_integrity
       17580.0  ANOMALY_FLAG            spot=144 rule=seq_integrity
       17610.0  ANOMALY_FLAG            spot=435 rule=seq_integrity
       17670.0  ANOMALY_FLAG            spot=285 rule=seq_integrity
       17850.0  ANOMALY_FLAG            spot=224 rule=seq_integrity
       17910.0  ANOMALY_FLAG            spot=104 rule=seq_integrity
       17940.0  ANOMALY_FLAG            spot=285 rule=rate_outlier
       18120.0  ANOMALY_FLAG            spot=360 rule=seq_integrity
       18150.0  ANOMALY_FLAG            spot=145 rule=seq_integrity
       18210.0  ANOMALY_FLAG            spot=322 rule=seq_integrity
       18240.0  ANOMALY_FLAG            spot=308 rule=seq_integrity
       18300.0  ANOMALY_FLAG            spot=470 rule=seq_integrity
       18390.0  ANOMALY_FLAG            spot=289 rule=rate_outlier
       18390.0  ANOMALY_FLAG            spot=289 rule=seq_integrity
       18420.0  ANOMALY_FLAG            spot=104 rule=seq_integrity
       18630.0  ANOMALY_FLAG            spot=376 rule=seq_integrity
       18720.0  ANOMALY_FLAG            spot=289 rule=seq_integrity
       18750.0  ANOMALY_FLAG            spot=490 rule=rate_outlier
       18750.0  ANOMALY_FLAG            spot=490 rule=seq_integrity
       18780.0  ANOMALY_FLAG            spot=224 rule=seq_integrity
       18780.0  ANOMALY_FLAG            spot=42 rule=seq_integrity
       18810.0  ANOMALY_FLAG            spot=164 rule=seq_integrity
       18810.0  ANOMALY_FLAG            spot=376 rule=seq_integrity
       18990.0  ANOMALY_FLAG            spot=324 rule=seq_integrity
       19170.0  ANOMALY_FLAG            spot=285 rule=seq_integrity
       19200.0  ANOMALY_FLAG            spot=322 rule=seq_integrity
       19350.0  QUARANTINE_ADD          spot=65 incidents=5 rules=['seq_integrity']
       19350.0  ANOMALY_FLAG            spot=65 rule=seq_integrity
       19410.0  ANOMALY_FLAG            spot=104 rule=seq_integrity
       19530.0  ANOMALY_FLAG            spot=490 rule=seq_integrity
       19530.0  ANOMALY_FLAG            spot=258 rule=seq_integrity
       19560.0  ANOMALY_FLAG            spot=354 rule=seq_integrity
       19710.0  ANOMALY_FLAG            spot=164 rule=seq_integrity
       19710.0  ANOMALY_FLAG            spot=322 rule=seq_integrity
       19740.0  ANOMALY_FLAG            spot=322 rule=rate_outlier
       19890.0  ANOMALY_FLAG            spot=224 rule=rate_outlier
       19890.0  ANOMALY_FLAG            spot=224 rule=seq_integrity
       20160.0  ANOMALY_FLAG            spot=289 rule=rate_outlier
       20160.0  ANOMALY_FLAG            spot=289 rule=seq_integrity
       20280.0  ANOMALY_FLAG            spot=342 rule=seq_integrity
       20340.0  ANOMALY_FLAG            spot=376 rule=seq_integrity
       20520.0  ANOMALY_FLAG            spot=324 rule=seq_integrity
       20610.0  ANOMALY_FLAG            spot=164 rule=seq_integrity
       20640.0  ANOMALY_FLAG            spot=285 rule=seq_integrity
       20700.0  ANOMALY_FLAG            spot=285 rule=rate_outlier
       20700.0  ANOMALY_FLAG            spot=285 rule=seq_integrity
       20730.0  ANOMALY_FLAG            spot=308 rule=seq_integrity
       20790.0  ANOMALY_FLAG            spot=470 rule=seq_integrity
       21060.0  ANOMALY_FLAG            spot=256 rule=seq_integrity
       21060.0  ANOMALY_FLAG            spot=258 rule=seq_integrity
       21120.0  ANOMALY_FLAG            spot=42 rule=seq_integrity
       21180.0  ANOMALY_FLAG            spot=65 rule=seq_integrity
       21210.0  ANOMALY_FLAG            spot=164 rule=seq_integrity
       21210.0  ANOMALY_FLAG            spot=435 rule=seq_integrity
       21360.0  ANOMALY_FLAG            spot=42 rule=seq_integrity
       21390.0  ANOMALY_FLAG            spot=224 rule=seq_integrity
       21630.0  ANOMALY_FLAG            spot=214 rule=seq_integrity
       21690.0  ANOMALY_FLAG            spot=176 rule=seq_integrity
       21750.0  ANOMALY_FLAG            spot=324 rule=seq_integrity
       21960.0  ANOMALY_FLAG            spot=428 rule=seq_integrity
       22020.0  ANOMALY_FLAG            spot=104 rule=seq_integrity
       22110.0  ANOMALY_FLAG            spot=435 rule=seq_integrity
       22140.0  ANOMALY_FLAG            spot=490 rule=seq_integrity
       22200.0  ANOMALY_FLAG            spot=285 rule=seq_integrity
       22230.0  ANOMALY_FLAG            spot=376 rule=seq_integrity
       22260.0  ANOMALY_FLAG            spot=428 rule=seq_integrity
       22320.0  ANOMALY_FLAG            spot=289 rule=seq_integrity
       22350.0  ANOMALY_FLAG            spot=306 rule=seq_integrity
       22350.0  ANOMALY_FLAG            spot=65 rule=seq_integrity
       22380.0  ANOMALY_FLAG            spot=224 rule=seq_integrity
       22440.0  ANOMALY_FLAG            spot=285 rule=rate_outlier
       22560.0  ANOMALY_FLAG            spot=332 rule=seq_integrity
       22560.0  ANOMALY_FLAG            spot=258 rule=seq_integrity
       22710.0  ANOMALY_FLAG            spot=164 rule=seq_integrity
       22800.0  ANOMALY_FLAG            spot=322 rule=seq_integrity
       22890.0  ANOMALY_FLAG            spot=224 rule=seq_integrity
       22920.0  ANOMALY_FLAG            spot=322 rule=seq_integrity
       23130.0  ANOMALY_FLAG            spot=490 rule=seq_integrity
       23130.0  ANOMALY_FLAG            spot=376 rule=seq_integrity
       23160.0  ANOMALY_FLAG            spot=354 rule=seq_integrity
       23160.0  ANOMALY_FLAG            spot=258 rule=seq_integrity
       23310.0  ANOMALY_FLAG            spot=466 rule=seq_integrity
       23640.0  ANOMALY_FLAG            spot=490 rule=rate_outlier
       23640.0  ANOMALY_FLAG            spot=490 rule=seq_integrity
       23700.0  ANOMALY_FLAG            spot=285 rule=rate_outlier
       23700.0  ANOMALY_FLAG            spot=244 rule=seq_integrity
       23700.0  ANOMALY_FLAG            spot=285 rule=seq_integrity
       24060.0  ANOMALY_FLAG            spot=258 rule=seq_integrity
       24210.0  ANOMALY_FLAG            spot=164 rule=seq_integrity
       24240.0  ANOMALY_FLAG            spot=285 rule=seq_integrity
       24330.0  ANOMALY_FLAG            spot=308 rule=seq_integrity
       24390.0  ANOMALY_FLAG            spot=224 rule=rate_outlier
       24390.0  ANOMALY_FLAG            spot=224 rule=seq_integrity
       24390.0  ANOMALY_FLAG            spot=176 rule=seq_integrity
       24390.0  ANOMALY_FLAG            spot=470 rule=seq_integrity
       24660.0  QUARANTINE_ADD          spot=428 incidents=6 rules=['seq_integrity']
       24660.0  ANOMALY_FLAG            spot=428 rule=seq_integrity
       24660.0  ANOMALY_FLAG            spot=478 rule=seq_integrity
       24690.0  ANOMALY_FLAG            spot=176 rule=seq_integrity
       24720.0  ANOMALY_FLAG            spot=42 rule=seq_integrity
       24810.0  ANOMALY_FLAG            spot=435 rule=seq_integrity
       25110.0  ANOMALY_FLAG            spot=164 rule=seq_integrity
       25140.0  ANOMALY_FLAG            spot=490 rule=seq_integrity
       25170.0  ANOMALY_FLAG            spot=490 rule=rate_outlier
       25350.0  ANOMALY_FLAG            spot=324 rule=seq_integrity
       25440.0  ANOMALY_FLAG            spot=42 rule=seq_integrity
       25560.0  ANOMALY_FLAG            spot=428 rule=seq_integrity
       25620.0  ANOMALY_FLAG            spot=104 rule=seq_integrity
       25710.0  ANOMALY_FLAG            spot=435 rule=seq_integrity
       25920.0  ANOMALY_FLAG            spot=289 rule=seq_integrity
       25980.0  ANOMALY_FLAG            spot=224 rule=seq_integrity
       25980.0  ANOMALY_FLAG            spot=322 rule=seq_integrity
       26010.0  ANOMALY_FLAG            spot=164 rule=seq_integrity
       26010.0  ANOMALY_FLAG            spot=322 rule=rate_outlier
       26040.0  ANOMALY_FLAG            spot=399 rule=seq_integrity
       26130.0  ANOMALY_FLAG            spot=395 rule=seq_integrity
       26190.0  ANOMALY_FLAG            spot=428 rule=seq_integrity
       26250.0  ANOMALY_FLAG            spot=324 rule=seq_integrity
       26250.0  ANOMALY_FLAG            spot=289 rule=seq_integrity
       26400.0  ANOMALY_FLAG            spot=322 rule=seq_integrity
       26460.0  ANOMALY_FLAG            spot=428 rule=seq_integrity
       26640.0  ANOMALY_FLAG            spot=164 rule=seq_integrity
       26730.0  ANOMALY_FLAG            spot=490 rule=seq_integrity
       26730.0  ANOMALY_FLAG            spot=376 rule=seq_integrity
       26760.0  ANOMALY_FLAG            spot=258 rule=seq_integrity
       26820.0  ANOMALY_FLAG            spot=118 rule=seq_integrity
       26910.0  ANOMALY_FLAG            spot=490 rule=rate_outlier
       26910.0  ANOMALY_FLAG            spot=490 rule=seq_integrity
       26940.0  ANOMALY_FLAG            spot=165 rule=seq_integrity
       27240.0  ANOMALY_FLAG            spot=224 rule=seq_integrity
       27480.0  ANOMALY_FLAG            spot=308 rule=seq_integrity
       27510.0  ANOMALY_FLAG            spot=322 rule=rate_outlier
       27510.0  ANOMALY_FLAG            spot=322 rule=seq_integrity
       27630.0  ANOMALY_FLAG            spot=117 rule=seq_integrity
       27660.0  ANOMALY_FLAG            spot=354 rule=seq_integrity
       27720.0  ANOMALY_FLAG            spot=428 rule=seq_integrity
       27750.0  ANOMALY_FLAG            spot=289 rule=seq_integrity
       27840.0  ANOMALY_FLAG            spot=285 rule=seq_integrity
       27930.0  ANOMALY_FLAG            spot=308 rule=seq_integrity
       27990.0  ANOMALY_FLAG            spot=470 rule=seq_integrity
       28140.0  ANOMALY_FLAG            spot=164 rule=seq_integrity
       28260.0  ANOMALY_FLAG            spot=428 rule=seq_integrity
       28320.0  ANOMALY_FLAG            spot=42 rule=seq_integrity
       28410.0  ANOMALY_FLAG            spot=490 rule=seq_integrity
       28410.0  ANOMALY_FLAG            spot=435 rule=seq_integrity
       28650.0  ANOMALY_FLAG            spot=468 rule=seq_integrity
       28650.0  ANOMALY_FLAG            spot=65 rule=seq_integrity
       28650.0  ANOMALY_FLAG            spot=258 rule=seq_integrity
       28740.0  ANOMALY_FLAG            spot=224 rule=seq_integrity
       28890.0  ANOMALY_FLAG            spot=176 rule=seq_integrity
       28980.0  ANOMALY_FLAG            spot=308 rule=seq_integrity
       29220.0  ANOMALY_FLAG            spot=104 rule=seq_integrity
       29250.0  ANOMALY_FLAG            spot=289 rule=seq_integrity
       29310.0  ANOMALY_FLAG            spot=441 rule=seq_integrity
       29310.0  ANOMALY_FLAG            spot=435 rule=seq_integrity
       29430.0  ANOMALY_FLAG            spot=376 rule=seq_integrity
       29520.0  ANOMALY_FLAG            spot=289 rule=seq_integrity
       29610.0  ANOMALY_FLAG            spot=164 rule=seq_integrity
       29850.0  ANOMALY_FLAG            spot=324 rule=seq_integrity
       29910.0  ANOMALY_FLAG            spot=490 rule=rate_outlier
       29910.0  ANOMALY_FLAG            spot=490 rule=seq_integrity
       30000.0  ANOMALY_FLAG            spot=322 rule=seq_integrity
       30030.0  ANOMALY_FLAG            spot=104 rule=seq_integrity
       30180.0  ANOMALY_FLAG            spot=65 rule=seq_integrity
       30180.0  ANOMALY_FLAG            spot=258 rule=seq_integrity
       30240.0  ANOMALY_FLAG            spot=181 rule=seq_integrity
       30330.0  ANOMALY_FLAG            spot=490 rule=seq_integrity
       30330.0  ANOMALY_FLAG            spot=376 rule=seq_integrity
       30360.0  ANOMALY_FLAG            spot=258 rule=seq_integrity
       30480.0  ANOMALY_FLAG            spot=224 rule=seq_integrity
       30510.0  ANOMALY_FLAG            spot=308 rule=seq_integrity
       30570.0  ANOMALY_FLAG            spot=377 rule=seq_integrity
       30600.0  ANOMALY_FLAG            spot=37 rule=seq_integrity
       30750.0  ANOMALY_FLAG            spot=289 rule=rate_outlier
       30750.0  ANOMALY_FLAG            spot=289 rule=seq_integrity
       30750.0  ANOMALY_FLAG            spot=324 rule=seq_integrity
       31110.0  ANOMALY_FLAG            spot=65 rule=seq_integrity
       31260.0  ANOMALY_FLAG            spot=354 rule=seq_integrity
       31410.0  ANOMALY_FLAG            spot=490 rule=rate_outlier
       31410.0  ANOMALY_FLAG            spot=490 rule=seq_integrity
       31440.0  ANOMALY_FLAG            spot=376 rule=seq_integrity
       31440.0  ANOMALY_FLAG            spot=285 rule=seq_integrity
       31500.0  ANOMALY_FLAG            spot=176 rule=seq_integrity
       31530.0  ANOMALY_FLAG            spot=308 rule=seq_integrity
       31590.0  ANOMALY_FLAG            spot=470 rule=seq_integrity
       31680.0  ANOMALY_FLAG            spot=258 rule=seq_integrity
       31740.0  ANOMALY_FLAG            spot=116 rule=seq_integrity
       31830.0  ANOMALY_FLAG            spot=59 rule=seq_integrity
       31920.0  ANOMALY_FLAG            spot=42 rule=seq_integrity
       31950.0  ANOMALY_FLAG            spot=13 rule=seq_integrity
       31980.0  ANOMALY_FLAG            spot=479 rule=seq_integrity
       32010.0  ANOMALY_FLAG            spot=15 rule=seq_integrity
       32010.0  ANOMALY_FLAG            spot=435 rule=seq_integrity
       32130.0  ANOMALY_FLAG            spot=376 rule=seq_integrity
       32310.0  ANOMALY_FLAG            spot=164 rule=seq_integrity
       32310.0  ANOMALY_FLAG            spot=251 rule=seq_integrity
       32490.0  ANOMALY_FLAG            spot=176 rule=seq_integrity
       32610.0  ANOMALY_FLAG            spot=65 rule=seq_integrity
       32760.0  ANOMALY_FLAG            spot=428 rule=seq_integrity
       32820.0  ANOMALY_FLAG            spot=104 rule=seq_integrity
       32910.0  ANOMALY_FLAG            spot=435 rule=seq_integrity
       32940.0  ANOMALY_FLAG            spot=490 rule=seq_integrity
       33030.0  ANOMALY_FLAG            spot=490 rule=rate_outlier
       33120.0  ANOMALY_FLAG            spot=289 rule=seq_integrity
       33120.0  ANOMALY_FLAG            spot=376 rule=seq_integrity
       33210.0  ANOMALY_FLAG            spot=164 rule=seq_integrity
       33630.0  ANOMALY_FLAG            spot=70 rule=seq_integrity
       33660.0  ANOMALY_FLAG            spot=428 rule=seq_integrity
       33930.0  ANOMALY_FLAG            spot=490 rule=seq_integrity
       33930.0  ANOMALY_FLAG            spot=376 rule=seq_integrity
       33960.0  ANOMALY_FLAG            spot=258 rule=seq_integrity
       34350.0  ANOMALY_FLAG            spot=324 rule=seq_integrity
       34680.0  ANOMALY_FLAG            spot=490 rule=seq_integrity
       34680.0  ANOMALY_FLAG            spot=65 rule=seq_integrity
       34830.0  ANOMALY_FLAG            spot=376 rule=seq_integrity
       34860.0  ANOMALY_FLAG            spot=354 rule=seq_integrity
       34950.0  ANOMALY_FLAG            spot=140 rule=seq_integrity
       34980.0  ANOMALY_FLAG            spot=224 rule=seq_integrity
       35040.0  ANOMALY_FLAG            spot=285 rule=seq_integrity
       35190.0  ANOMALY_FLAG            spot=470 rule=seq_integrity
       35280.0  ANOMALY_FLAG            spot=104 rule=seq_integrity
       35430.0  ANOMALY_FLAG            spot=324 rule=seq_integrity
       35520.0  ANOMALY_FLAG            spot=42 rule=seq_integrity
       35550.0  ANOMALY_FLAG            spot=435 rule=seq_integrity
       35760.0  ANOMALY_FLAG            spot=178 rule=seq_integrity
       35790.0  ANOMALY_FLAG            spot=152 rule=seq_integrity
       36030.0  ANOMALY_FLAG            spot=308 rule=seq_integrity
       36150.0  ANOMALY_FLAG            spot=324 rule=seq_integrity
       36210.0  ANOMALY_FLAG            spot=224 rule=seq_integrity
       36270.0  ANOMALY_FLAG            spot=329 rule=seq_integrity
       36330.0  ANOMALY_FLAG            spot=164 rule=seq_integrity
       36420.0  ANOMALY_FLAG            spot=104 rule=seq_integrity
       36720.0  ANOMALY_FLAG            spot=489 rule=seq_integrity
       36720.0  ANOMALY_FLAG            spot=289 rule=seq_integrity
       36780.0  ANOMALY_FLAG            spot=104 rule=seq_integrity
       36810.0  ANOMALY_FLAG            spot=164 rule=seq_integrity
       36810.0  ANOMALY_FLAG            spot=246 rule=seq_integrity
       37080.0  ANOMALY_FLAG            spot=324 rule=seq_integrity
       37170.0  ANOMALY_FLAG            spot=150 rule=seq_integrity
       37170.0  ANOMALY_FLAG            spot=376 rule=seq_integrity
       37260.0  ANOMALY_FLAG            spot=428 rule=seq_integrity
       37290.0  ANOMALY_FLAG            spot=152 rule=seq_integrity
       37320.0  QUARANTINE_RELEASE      spot=322 reason=score recovered (5 clean ticks)
       37410.0  ANOMALY_FLAG            spot=435 rule=seq_integrity
       37470.0  ANOMALY_FLAG            spot=296 rule=seq_integrity
       37530.0  ANOMALY_FLAG            spot=490 rule=seq_integrity
       37530.0  ANOMALY_FLAG            spot=376 rule=seq_integrity
       37590.0  ANOMALY_FLAG            spot=184 rule=seq_integrity
       37680.0  ANOMALY_FLAG            spot=490 rule=rate_outlier
       37680.0  ANOMALY_FLAG            spot=490 rule=seq_integrity
       37680.0  ANOMALY_FLAG            spot=435 rule=seq_integrity
       37710.0  ANOMALY_FLAG            spot=164 rule=seq_integrity
       37830.0  ANOMALY_FLAG            spot=428 rule=seq_integrity
       37890.0  ANOMALY_FLAG            spot=176 rule=seq_integrity
       37950.0  ANOMALY_FLAG            spot=324 rule=seq_integrity
       37980.0  ANOMALY_FLAG            spot=308 rule=seq_integrity
       38280.0  ANOMALY_FLAG            spot=65 rule=seq_integrity
       38430.0  ANOMALY_FLAG            spot=376 rule=seq_integrity
       38460.0  ANOMALY_FLAG            spot=354 rule=seq_integrity
       38460.0  ANOMALY_FLAG            spot=258 rule=seq_integrity
       38580.0  ANOMALY_FLAG            spot=324 rule=seq_integrity
       38580.0  ANOMALY_FLAG            spot=224 rule=seq_integrity
       38640.0  ANOMALY_FLAG            spot=285 rule=seq_integrity
       38700.0  ANOMALY_FLAG            spot=336 rule=seq_integrity
       38790.0  ANOMALY_FLAG            spot=470 rule=seq_integrity
       38880.0  ANOMALY_FLAG            spot=104 rule=seq_integrity
       39150.0  ANOMALY_FLAG            spot=164 rule=seq_integrity
       39180.0  ANOMALY_FLAG            spot=485 rule=seq_integrity
       39180.0  ANOMALY_FLAG            spot=435 rule=seq_integrity
       39360.0  ANOMALY_FLAG            spot=428 rule=seq_integrity
       39390.0  ANOMALY_FLAG            spot=258 rule=seq_integrity
       39480.0  ANOMALY_FLAG            spot=418 rule=seq_integrity
       39510.0  ANOMALY_FLAG            spot=468 rule=seq_integrity
       39630.0  ANOMALY_FLAG            spot=308 rule=seq_integrity
       39990.0  ANOMALY_FLAG            spot=242 rule=seq_integrity
       40020.0  ANOMALY_FLAG            spot=104 rule=seq_integrity
       40020.0  ANOMALY_FLAG            spot=42 rule=seq_integrity
       40110.0  ANOMALY_FLAG            spot=435 rule=seq_integrity
       40170.0  ANOMALY_FLAG            spot=159 rule=seq_integrity
       40320.0  ANOMALY_FLAG            spot=289 rule=seq_integrity
       40380.0  ANOMALY_FLAG            spot=104 rule=seq_integrity
       40410.0  ANOMALY_FLAG            spot=164 rule=seq_integrity
       40680.0  ANOMALY_FLAG            spot=435 rule=seq_integrity
       40800.0  ANOMALY_FLAG            spot=322 rule=seq_integrity
       40860.0  ANOMALY_FLAG            spot=428 rule=seq_integrity
       40920.0  ANOMALY_FLAG            spot=213 rule=seq_integrity
       40980.0  ANOMALY_FLAG            spot=289 rule=seq_integrity
       41130.0  ANOMALY_FLAG            spot=490 rule=seq_integrity
       41130.0  ANOMALY_FLAG            spot=376 rule=seq_integrity
       41130.0  ANOMALY_FLAG            spot=97 rule=seq_integrity
       41220.0  ANOMALY_FLAG            spot=289 rule=rate_outlier
       41490.0  ANOMALY_FLAG            spot=176 rule=seq_integrity
       41910.0  ANOMALY_FLAG            spot=490 rule=seq_integrity
       42030.0  ANOMALY_FLAG            spot=376 rule=seq_integrity
       42060.0  ANOMALY_FLAG            spot=354 rule=seq_integrity
       42060.0  ANOMALY_FLAG            spot=258 rule=seq_integrity
       42240.0  ANOMALY_FLAG            spot=285 rule=seq_integrity
       42360.0  ANOMALY_FLAG            spot=164 rule=seq_integrity
       42390.0  ANOMALY_FLAG            spot=176 rule=seq_integrity
       42390.0  ANOMALY_FLAG            spot=470 rule=seq_integrity
       42450.0  ANOMALY_FLAG            spot=324 rule=seq_integrity
       42510.0  ANOMALY_FLAG            spot=324 rule=seq_integrity
       42660.0  ANOMALY_FLAG            spot=428 rule=seq_integrity
       42780.0  ANOMALY_FLAG            spot=65 rule=seq_integrity
       42810.0  ANOMALY_FLAG            spot=42 rule=seq_integrity
       42840.0  ANOMALY_FLAG            spot=104 rule=rate_outlier
       42840.0  ANOMALY_FLAG            spot=104 rule=seq_integrity
       43410.0  ANOMALY_FLAG            spot=490 rule=seq_integrity
       43440.0  ANOMALY_FLAG            spot=490 rule=rate_outlier
       43560.0  ANOMALY_FLAG            spot=428 rule=seq_integrity
       43560.0  ANOMALY_FLAG            spot=149 rule=seq_integrity
       43620.0  ANOMALY_FLAG            spot=104 rule=seq_integrity
       43800.0  ANOMALY_FLAG            spot=208 rule=seq_integrity
       43860.0  ANOMALY_FLAG            spot=164 rule=seq_integrity
       43920.0  ANOMALY_FLAG            spot=289 rule=seq_integrity
       44010.0  ANOMALY_FLAG            spot=324 rule=seq_integrity
       44130.0  ANOMALY_FLAG            spot=174 rule=seq_integrity
       44250.0  QUARANTINE_ADD          spot=322 incidents=5 rules=['seq_integrity']
       44250.0  ANOMALY_FLAG            spot=324 rule=seq_integrity
       44250.0  ANOMALY_FLAG            spot=322 rule=seq_integrity
       44310.0  ANOMALY_FLAG            spot=285 rule=seq_integrity
       44340.0  ANOMALY_FLAG            spot=104 rule=rate_outlier
       44340.0  ANOMALY_FLAG            spot=104 rule=seq_integrity
       44340.0  ANOMALY_FLAG            spot=42 rule=seq_integrity
       44400.0  ANOMALY_FLAG            spot=322 rule=seq_integrity
       44550.0  ANOMALY_FLAG            spot=376 rule=seq_integrity
       44580.0  ANOMALY_FLAG            spot=280 rule=seq_integrity
       44580.0  ANOMALY_FLAG            spot=176 rule=seq_integrity
       44730.0  ANOMALY_FLAG            spot=490 rule=seq_integrity
       44730.0  ANOMALY_FLAG            spot=376 rule=seq_integrity
       44910.0  ANOMALY_FLAG            spot=164 rule=seq_integrity
       44940.0  ANOMALY_FLAG            spot=490 rule=seq_integrity
       45030.0  ANOMALY_FLAG            spot=107 rule=seq_integrity
       45030.0  ANOMALY_FLAG            spot=308 rule=seq_integrity
       45090.0  ANOMALY_FLAG            spot=176 rule=seq_integrity
       45210.0  ANOMALY_FLAG            spot=435 rule=seq_integrity
       45240.0  ANOMALY_FLAG            spot=354 rule=seq_integrity
       45330.0  ANOMALY_FLAG            spot=164 rule=seq_integrity
       45570.0  ANOMALY_FLAG            spot=296 rule=seq_integrity
       45630.0  ANOMALY_FLAG            spot=376 rule=seq_integrity
       45660.0  ANOMALY_FLAG            spot=354 rule=seq_integrity
       45660.0  ANOMALY_FLAG            spot=258 rule=seq_integrity
       45780.0  ANOMALY_FLAG            spot=224 rule=seq_integrity
       45810.0  ANOMALY_FLAG            spot=164 rule=seq_integrity
       45810.0  ANOMALY_FLAG            spot=285 rule=seq_integrity
       45840.0  ANOMALY_FLAG            spot=104 rule=seq_integrity
       45870.0  ANOMALY_FLAG            spot=104 rule=rate_outlier
       45990.0  ANOMALY_FLAG            spot=176 rule=seq_integrity
       46050.0  ANOMALY_FLAG            spot=324 rule=seq_integrity
       46050.0  ANOMALY_FLAG            spot=391 rule=seq_integrity
       46260.0  ANOMALY_FLAG            spot=428 rule=seq_integrity
       46380.0  ANOMALY_FLAG            spot=65 rule=seq_integrity
       46440.0  ANOMALY_FLAG            spot=490 rule=seq_integrity
       46470.0  ANOMALY_FLAG            spot=105 rule=seq_integrity
       46530.0  ANOMALY_FLAG            spot=490 rule=rate_outlier
       46560.0  ANOMALY_FLAG            spot=36 rule=seq_integrity
       46740.0  ANOMALY_FLAG            spot=435 rule=seq_integrity
       46770.0  ANOMALY_FLAG            spot=178 rule=seq_integrity
       46800.0  ANOMALY_FLAG            spot=42 rule=seq_integrity
       46860.0  ANOMALY_FLAG            spot=164 rule=seq_integrity
       47040.0  ANOMALY_FLAG            spot=324 rule=seq_integrity
       47070.0  ANOMALY_FLAG            spot=322 rule=seq_integrity
       47100.0  ANOMALY_FLAG            spot=322 rule=rate_outlier
       47160.0  ANOMALY_FLAG            spot=428 rule=seq_integrity
       47220.0  ANOMALY_FLAG            spot=104 rule=seq_integrity
       47310.0  ANOMALY_FLAG            spot=428 rule=seq_integrity
       47490.0  ANOMALY_FLAG            spot=448 rule=seq_integrity
       47520.0  ANOMALY_FLAG            spot=289 rule=seq_integrity
       47640.0  ANOMALY_FLAG            spot=285 rule=rate_outlier
       47640.0  ANOMALY_FLAG            spot=285 rule=seq_integrity
       47670.0  ANOMALY_FLAG            spot=176 rule=seq_integrity
       47760.0  ANOMALY_FLAG            spot=315 rule=seq_integrity
       47790.0  ANOMALY_FLAG            spot=470 rule=seq_integrity
       47940.0  ANOMALY_FLAG            spot=490 rule=rate_outlier
       47940.0  ANOMALY_FLAG            spot=490 rule=seq_integrity
       48000.0  ANOMALY_FLAG            spot=381 rule=seq_integrity
       48000.0  ANOMALY_FLAG            spot=322 rule=seq_integrity
       48120.0  ANOMALY_FLAG            spot=42 rule=seq_integrity
       48150.0  ANOMALY_FLAG            spot=65 rule=seq_integrity
       48210.0  ANOMALY_FLAG            spot=435 rule=seq_integrity
       48330.0  ANOMALY_FLAG            spot=490 rule=seq_integrity
       48330.0  ANOMALY_FLAG            spot=376 rule=seq_integrity
       48510.0  ANOMALY_FLAG            spot=164 rule=seq_integrity
       48570.0  ANOMALY_FLAG            spot=164 rule=seq_integrity
       48690.0  ANOMALY_FLAG            spot=176 rule=seq_integrity
       48750.0  ANOMALY_FLAG            spot=435 rule=seq_integrity
       48810.0  ANOMALY_FLAG            spot=428 rule=seq_integrity
       49020.0  ANOMALY_FLAG            spot=258 rule=seq_integrity
       49050.0  ANOMALY_FLAG            spot=324 rule=seq_integrity
       49110.0  ANOMALY_FLAG            spot=435 rule=seq_integrity
       49170.0  ANOMALY_FLAG            spot=51 rule=seq_integrity
       49230.0  ANOMALY_FLAG            spot=376 rule=seq_integrity
       49260.0  ANOMALY_FLAG            spot=354 rule=seq_integrity
       49380.0  ANOMALY_FLAG            spot=224 rule=seq_integrity
       49440.0  ANOMALY_FLAG            spot=285 rule=seq_integrity
       49530.0  ANOMALY_FLAG            spot=308 rule=seq_integrity
       49560.0  ANOMALY_FLAG            spot=354 rule=seq_integrity
       49560.0  ANOMALY_FLAG            spot=176 rule=seq_integrity
       49980.0  ANOMALY_FLAG            spot=65 rule=seq_integrity
       50130.0  ANOMALY_FLAG            spot=289 rule=seq_integrity
       50160.0  ANOMALY_FLAG            spot=258 rule=seq_integrity
       50220.0  ANOMALY_FLAG            spot=289 rule=rate_outlier
       50430.0  ANOMALY_FLAG            spot=461 rule=stuck
       50550.0  ANOMALY_FLAG            spot=258 rule=seq_integrity
       50640.0  ANOMALY_FLAG            spot=164 rule=seq_integrity
       50640.0  ANOMALY_FLAG            spot=335 rule=stuck
       50730.0  ANOMALY_FLAG            spot=65 rule=seq_integrity
       50760.0  ANOMALY_FLAG            spot=428 rule=seq_integrity
       50820.0  ANOMALY_FLAG            spot=104 rule=seq_integrity
       51000.0  ANOMALY_FLAG            spot=285 rule=rate_outlier
       51000.0  ANOMALY_FLAG            spot=285 rule=seq_integrity
       51060.0  ANOMALY_FLAG            spot=324 rule=seq_integrity
       51060.0  ANOMALY_FLAG            spot=308 rule=seq_integrity
       51120.0  ANOMALY_FLAG            spot=289 rule=seq_integrity
       51150.0  QUARANTINE_ADD          spot=461 incidents=5 rules=['stuck']
       51150.0  ANOMALY_FLAG            spot=301 rule=stuck
       51240.0  ANOMALY_FLAG            spot=42 rule=seq_integrity
       51270.0  ANOMALY_FLAG            spot=229 rule=stuck
       51360.0  QUARANTINE_ADD          spot=335 incidents=5 rules=['stuck']
       51390.0  ANOMALY_FLAG            spot=470 rule=seq_integrity
       51390.0  ANOMALY_FLAG            spot=71 rule=stuck
       51450.0  ANOMALY_FLAG            spot=410 rule=stuck
       51600.0  ANOMALY_FLAG            spot=322 rule=seq_integrity
       51630.0  ANOMALY_FLAG            spot=289 rule=seq_integrity
       51660.0  ANOMALY_FLAG            spot=289 rule=rate_outlier
       51660.0  ANOMALY_FLAG            spot=428 rule=seq_integrity
       51720.0  ANOMALY_FLAG            spot=42 rule=seq_integrity
       51870.0  QUARANTINE_ADD          spot=301 incidents=5 rules=['stuck']
       51930.0  ANOMALY_FLAG            spot=490 rule=seq_integrity
       51930.0  ANOMALY_FLAG            spot=376 rule=seq_integrity
       51990.0  QUARANTINE_ADD          spot=229 incidents=5 rules=['stuck']
       52050.0  ANOMALY_FLAG            spot=258 rule=seq_integrity
       52050.0  ANOMALY_FLAG            spot=435 rule=seq_integrity
       52110.0  QUARANTINE_ADD          spot=71 incidents=5 rules=['stuck']
       52110.0  ANOMALY_FLAG            spot=164 rule=seq_integrity
       52170.0  QUARANTINE_ADD          spot=410 incidents=5 rules=['stuck']
       52230.0  ANOMALY_FLAG            spot=65 rule=seq_integrity
       52290.0  ANOMALY_FLAG            spot=176 rule=seq_integrity
       52530.0  ANOMALY_FLAG            spot=285 rule=rate_outlier
       52530.0  ANOMALY_FLAG            spot=285 rule=seq_integrity
       52560.0  ANOMALY_FLAG            spot=308 rule=seq_integrity
       52710.0  ANOMALY_FLAG            spot=435 rule=seq_integrity
       52740.0  ANOMALY_FLAG            spot=418 rule=seq_integrity
       52830.0  ANOMALY_FLAG            spot=376 rule=seq_integrity
       52860.0  ANOMALY_FLAG            spot=354 rule=seq_integrity
       52980.0  ANOMALY_FLAG            spot=224 rule=seq_integrity
       53010.0  ANOMALY_FLAG            spot=164 rule=seq_integrity
       53040.0  ANOMALY_FLAG            spot=285 rule=seq_integrity
       53130.0  ANOMALY_FLAG            spot=308 rule=seq_integrity
       53130.0  ANOMALY_FLAG            spot=478 rule=seq_integrity
       53190.0  ANOMALY_FLAG            spot=176 rule=seq_integrity
       53580.0  ANOMALY_FLAG            spot=65 rule=seq_integrity
       53760.0  ANOMALY_FLAG            spot=224 rule=seq_integrity
       53760.0  ANOMALY_FLAG            spot=258 rule=seq_integrity
       53880.0  ANOMALY_FLAG            spot=224 rule=rate_outlier
       54060.0  ANOMALY_FLAG            spot=308 rule=seq_integrity
       54210.0  ANOMALY_FLAG            spot=104 rule=seq_integrity
       54360.0  ANOMALY_FLAG            spot=428 rule=seq_integrity
       54420.0  ANOMALY_FLAG            spot=104 rule=rate_outlier
       54420.0  ANOMALY_FLAG            spot=104 rule=seq_integrity
       54660.0  ANOMALY_FLAG            spot=289 rule=seq_integrity
       54720.0  ANOMALY_FLAG            spot=289 rule=seq_integrity
       54810.0  ANOMALY_FLAG            spot=65 rule=seq_integrity
       54990.0  ANOMALY_FLAG            spot=65 rule=seq_integrity
       54990.0  ANOMALY_FLAG            spot=470 rule=seq_integrity
       55200.0  ANOMALY_FLAG            spot=322 rule=seq_integrity
       55320.0  ANOMALY_FLAG            spot=42 rule=seq_integrity
       55410.0  ANOMALY_FLAG            spot=435 rule=seq_integrity
       55530.0  ANOMALY_FLAG            spot=490 rule=seq_integrity
       55530.0  ANOMALY_FLAG            spot=376 rule=seq_integrity
       55590.0  ANOMALY_FLAG            spot=308 rule=seq_integrity
       55710.0  ANOMALY_FLAG            spot=224 rule=seq_integrity
       55800.0  ANOMALY_FLAG            spot=354 rule=seq_integrity
       55800.0  ANOMALY_FLAG            spot=322 rule=seq_integrity
       55890.0  ANOMALY_FLAG            spot=176 rule=seq_integrity
       55950.0  ANOMALY_FLAG            spot=324 rule=seq_integrity
       56160.0  ANOMALY_FLAG            spot=289 rule=seq_integrity
       56310.0  ANOMALY_FLAG            spot=435 rule=seq_integrity
       56370.0  ANOMALY_FLAG            spot=289 rule=seq_integrity
       56460.0  ANOMALY_FLAG            spot=354 rule=seq_integrity
       56520.0  ANOMALY_FLAG            spot=289 rule=rate_outlier
       56610.0  ANOMALY_FLAG            spot=164 rule=seq_integrity
       56640.0  ANOMALY_FLAG            spot=285 rule=seq_integrity
       56730.0  ANOMALY_FLAG            spot=308 rule=seq_integrity
       56790.0  ANOMALY_FLAG            spot=176 rule=seq_integrity
       56940.0  ANOMALY_FLAG            spot=164 rule=seq_integrity
       57000.0  ANOMALY_FLAG            spot=164 rule=seq_integrity
       57240.0  ANOMALY_FLAG            spot=224 rule=seq_integrity
       57330.0  ANOMALY_FLAG            spot=354 rule=seq_integrity
       57360.0  ANOMALY_FLAG            spot=258 rule=seq_integrity
       57390.0  ANOMALY_FLAG            spot=354 rule=seq_integrity
       57390.0  ANOMALY_FLAG            spot=285 rule=seq_integrity
       57420.0  ANOMALY_FLAG            spot=224 rule=seq_integrity
       57510.0  ANOMALY_FLAG            spot=258 rule=seq_integrity
       57600.0  ANOMALY_FLAG            spot=285 rule=seq_integrity
       57630.0  ANOMALY_FLAG            spot=285 rule=rate_outlier
       57960.0  ANOMALY_FLAG            spot=428 rule=seq_integrity
       58020.0  ANOMALY_FLAG            spot=104 rule=seq_integrity
       58020.0  ANOMALY_FLAG            spot=322 rule=seq_integrity
       58320.0  ANOMALY_FLAG            spot=289 rule=seq_integrity
       58440.0  ANOMALY_FLAG            spot=322 rule=seq_integrity
       58590.0  ANOMALY_FLAG            spot=470 rule=seq_integrity
       58800.0  ANOMALY_FLAG            spot=322 rule=seq_integrity
       58860.0  ANOMALY_FLAG            spot=428 rule=seq_integrity
       58920.0  ANOMALY_FLAG            spot=42 rule=seq_integrity
       58980.0  ANOMALY_FLAG            spot=65 rule=seq_integrity
       59010.0  ANOMALY_FLAG            spot=258 rule=seq_integrity
       59010.0  ANOMALY_FLAG            spot=435 rule=seq_integrity
       59100.0  ANOMALY_FLAG            spot=285 rule=seq_integrity
       59130.0  ANOMALY_FLAG            spot=490 rule=seq_integrity
       59370.0  ANOMALY_FLAG            spot=376 rule=seq_integrity
       59490.0  ANOMALY_FLAG            spot=176 rule=seq_integrity
       59910.0  ANOMALY_FLAG            spot=435 rule=seq_integrity
       59940.0  ANOMALY_FLAG            spot=376 rule=seq_integrity
       59940.0  ANOMALY_FLAG            spot=322 rule=seq_integrity
       60060.0  ANOMALY_FLAG            spot=354 rule=seq_integrity
       60180.0  ANOMALY_FLAG            spot=224 rule=seq_integrity
       60210.0  ANOMALY_FLAG            spot=289 rule=rate_outlier
       60210.0  ANOMALY_FLAG            spot=289 rule=seq_integrity
       60210.0  ANOMALY_FLAG            spot=164 rule=seq_integrity
       60240.0  ANOMALY_FLAG            spot=285 rule=seq_integrity
       60390.0  ANOMALY_FLAG            spot=176 rule=seq_integrity
       60420.0  ANOMALY_FLAG            spot=435 rule=seq_integrity
       60480.0  ANOMALY_FLAG            spot=224 rule=seq_integrity
       60660.0  ANOMALY_FLAG            spot=164 rule=seq_integrity
       60810.0  ANOMALY_FLAG            spot=435 rule=seq_integrity
       60840.0  ANOMALY_FLAG            spot=322 rule=seq_integrity
       60930.0  ANOMALY_FLAG            spot=376 rule=seq_integrity
       60960.0  ANOMALY_FLAG            spot=258 rule=seq_integrity
       61110.0  ANOMALY_FLAG            spot=164 rule=seq_integrity
       61200.0  ANOMALY_FLAG            spot=354 rule=seq_integrity
       61620.0  ANOMALY_FLAG            spot=104 rule=seq_integrity
       61920.0  ANOMALY_FLAG            spot=289 rule=seq_integrity
       62190.0  ANOMALY_FLAG            spot=470 rule=seq_integrity
       62340.0  ANOMALY_FLAG            spot=322 rule=seq_integrity
       62370.0  QUARANTINE_RELEASE      spot=324 reason=score recovered (5 clean ticks)
       62400.0  ANOMALY_FLAG            spot=322 rule=rate_outlier
       62400.0  ANOMALY_FLAG            spot=322 rule=seq_integrity
       62460.0  ANOMALY_FLAG            spot=428 rule=seq_integrity
       62520.0  ANOMALY_FLAG            spot=42 rule=seq_integrity
       62730.0  ANOMALY_FLAG            spot=354 rule=seq_integrity
       62730.0  ANOMALY_FLAG            spot=490 rule=seq_integrity
       63090.0  ANOMALY_FLAG            spot=176 rule=seq_integrity
       63150.0  ANOMALY_FLAG            spot=324 rule=seq_integrity
       63360.0  ANOMALY_FLAG            spot=428 rule=seq_integrity
       63450.0  ANOMALY_FLAG            spot=42 rule=seq_integrity
       63660.0  ANOMALY_FLAG            spot=354 rule=seq_integrity
       63780.0  ANOMALY_FLAG            spot=224 rule=seq_integrity
       63810.0  ANOMALY_FLAG            spot=164 rule=seq_integrity
       63840.0  ANOMALY_FLAG            spot=285 rule=seq_integrity
       63870.0  ANOMALY_FLAG            spot=258 rule=seq_integrity
       64020.0  QUARANTINE_RELEASE      spot=308 reason=score recovered (5 clean ticks)
       64050.0  QUARANTINE_ADD          spot=324 incidents=5 rules=['seq_integrity']
       64050.0  ANOMALY_FLAG            spot=324 rule=seq_integrity
       64230.0  ANOMALY_FLAG            spot=354 rule=seq_integrity
       64380.0  ANOMALY_FLAG            spot=65 rule=seq_integrity
       64560.0  ANOMALY_FLAG            spot=258 rule=seq_integrity
       64710.0  ANOMALY_FLAG            spot=164 rule=seq_integrity
       64830.0  ANOMALY_FLAG            spot=308 rule=seq_integrity
       65220.0  ANOMALY_FLAG            spot=104 rule=seq_integrity
       65310.0  ANOMALY_FLAG            spot=435 rule=seq_integrity
       65430.0  ANOMALY_FLAG            spot=376 rule=seq_integrity
       65520.0  ANOMALY_FLAG            spot=289 rule=seq_integrity
       65790.0  ANOMALY_FLAG            spot=176 rule=seq_integrity
       65790.0  ANOMALY_FLAG            spot=470 rule=seq_integrity
       66000.0  ANOMALY_FLAG            spot=322 rule=seq_integrity
       66060.0  ANOMALY_FLAG            spot=428 rule=seq_integrity
       66120.0  ANOMALY_FLAG            spot=42 rule=seq_integrity
       66690.0  ANOMALY_FLAG            spot=176 rule=seq_integrity
       66900.0  ANOMALY_FLAG            spot=324 rule=seq_integrity
       67230.0  ANOMALY_FLAG            spot=490 rule=seq_integrity
       67260.0  ANOMALY_FLAG            spot=354 rule=seq_integrity
       67380.0  ANOMALY_FLAG            spot=224 rule=seq_integrity
       67440.0  ANOMALY_FLAG            spot=285 rule=seq_integrity
       67590.0  ANOMALY_FLAG            spot=176 rule=seq_integrity
       67650.0  ANOMALY_FLAG            spot=324 rule=seq_integrity
       68310.0  ANOMALY_FLAG            spot=164 rule=seq_integrity
       68430.0  ANOMALY_FLAG            spot=308 rule=seq_integrity
       68490.0  ANOMALY_FLAG            spot=104 rule=seq_integrity
       68550.0  ANOMALY_FLAG            spot=324 rule=seq_integrity
       68820.0  ANOMALY_FLAG            spot=104 rule=seq_integrity
       68880.0  ANOMALY_FLAG            spot=65 rule=seq_integrity
       69060.0  ANOMALY_FLAG            spot=258 rule=seq_integrity
       69120.0  ANOMALY_FLAG            spot=289 rule=seq_integrity
       69210.0  ANOMALY_FLAG            spot=258 rule=seq_integrity
       69600.0  ANOMALY_FLAG            spot=322 rule=seq_integrity
       69720.0  ANOMALY_FLAG            spot=42 rule=seq_integrity
       69810.0  ANOMALY_FLAG            spot=435 rule=seq_integrity
       69930.0  ANOMALY_FLAG            spot=376 rule=seq_integrity
       70290.0  ANOMALY_FLAG            spot=470 rule=seq_integrity
       70710.0  ANOMALY_FLAG            spot=435 rule=seq_integrity
       70830.0  ANOMALY_FLAG            spot=490 rule=seq_integrity
       70980.0  ANOMALY_FLAG            spot=224 rule=seq_integrity
       71010.0  ANOMALY_FLAG            spot=164 rule=seq_integrity
       71040.0  ANOMALY_FLAG            spot=285 rule=seq_integrity
       71250.0  ANOMALY_FLAG            spot=324 rule=seq_integrity
       71850.0  ANOMALY_FLAG            spot=354 rule=seq_integrity
       71910.0  ANOMALY_FLAG            spot=164 rule=seq_integrity
       72030.0  ANOMALY_FLAG            spot=308 rule=seq_integrity
       72150.0  ANOMALY_FLAG            spot=324 rule=seq_integrity
       72420.0  ANOMALY_FLAG            spot=104 rule=seq_integrity
       72480.0  ANOMALY_FLAG            spot=65 rule=seq_integrity
       72480.0  QUARANTINE_RELEASE      spot=428 reason=score recovered (5 clean ticks)
       72660.0  ANOMALY_FLAG            spot=354 rule=seq_integrity
       72660.0  ANOMALY_FLAG            spot=258 rule=seq_integrity
       72720.0  ANOMALY_FLAG            spot=289 rule=seq_integrity
       73200.0  ANOMALY_FLAG            spot=322 rule=seq_integrity
       73260.0  ANOMALY_FLAG            spot=428 rule=seq_integrity
       73320.0  ANOMALY_FLAG            spot=42 rule=seq_integrity
       73530.0  ANOMALY_FLAG            spot=376 rule=seq_integrity
       73890.0  ANOMALY_FLAG            spot=176 rule=seq_integrity
       74160.0  ANOMALY_FLAG            spot=428 rule=seq_integrity
       74310.0  ANOMALY_FLAG            spot=435 rule=seq_integrity
       74430.0  ANOMALY_FLAG            spot=490 rule=seq_integrity
       74430.0  ANOMALY_FLAG            spot=376 rule=seq_integrity
       74580.0  ANOMALY_FLAG            spot=224 rule=seq_integrity
       74640.0  ANOMALY_FLAG            spot=285 rule=seq_integrity
       74790.0  ANOMALY_FLAG            spot=490 rule=seq_integrity
       74790.0  ANOMALY_FLAG            spot=176 rule=seq_integrity
       74790.0  ANOMALY_FLAG            spot=470 rule=seq_integrity
       75510.0  ANOMALY_FLAG            spot=164 rule=seq_integrity
       75630.0  ANOMALY_FLAG            spot=308 rule=seq_integrity
       76020.0  ANOMALY_FLAG            spot=104 rule=seq_integrity
       76260.0  ANOMALY_FLAG            spot=354 rule=seq_integrity
       76320.0  ANOMALY_FLAG            spot=289 rule=seq_integrity
       76410.0  ANOMALY_FLAG            spot=164 rule=seq_integrity
       76800.0  ANOMALY_FLAG            spot=322 rule=seq_integrity
       76860.0  QUARANTINE_ADD          spot=428 incidents=5 rules=['seq_integrity']
       76860.0  ANOMALY_FLAG            spot=428 rule=seq_integrity
       76920.0  ANOMALY_FLAG            spot=42 rule=seq_integrity
       77160.0  ANOMALY_FLAG            spot=258 rule=seq_integrity
       77490.0  ANOMALY_FLAG            spot=176 rule=seq_integrity
       77760.0  ANOMALY_FLAG            spot=428 rule=seq_integrity
       77880.0  ANOMALY_FLAG            spot=65 rule=seq_integrity
       77910.0  ANOMALY_FLAG            spot=435 rule=seq_integrity
       78030.0  ANOMALY_FLAG            spot=490 rule=seq_integrity
       78030.0  ANOMALY_FLAG            spot=376 rule=seq_integrity
       78180.0  ANOMALY_FLAG            spot=224 rule=seq_integrity
       78240.0  ANOMALY_FLAG            spot=285 rule=seq_integrity
       78390.0  ANOMALY_FLAG            spot=176 rule=seq_integrity
       78390.0  ANOMALY_FLAG            spot=470 rule=seq_integrity
       78570.0  QUARANTINE_RELEASE      spot=324 reason=score recovered (5 clean ticks)
       78810.0  ANOMALY_FLAG            spot=435 rule=seq_integrity
       78930.0  ANOMALY_FLAG            spot=376 rule=seq_integrity
       79110.0  ANOMALY_FLAG            spot=164 rule=seq_integrity
       79230.0  ANOMALY_FLAG            spot=308 rule=seq_integrity
       79620.0  ANOMALY_FLAG            spot=104 rule=seq_integrity
       79710.0  ANOMALY_FLAG            spot=428 rule=seq_integrity
       79860.0  ANOMALY_FLAG            spot=354 rule=seq_integrity
       79920.0  ANOMALY_FLAG            spot=289 rule=seq_integrity
       80010.0  ANOMALY_FLAG            spot=164 rule=seq_integrity
       80220.0  ANOMALY_FLAG            spot=104 rule=seq_integrity
       80400.0  ANOMALY_FLAG            spot=322 rule=seq_integrity
       80460.0  ANOMALY_FLAG            spot=428 rule=seq_integrity
       80730.0  ANOMALY_FLAG            spot=324 rule=seq_integrity
       80760.0  ANOMALY_FLAG            spot=258 rule=seq_integrity
       81090.0  ANOMALY_FLAG            spot=176 rule=seq_integrity
       81150.0  QUARANTINE_ADD          spot=324 incidents=6 rules=['seq_integrity']
       81150.0  ANOMALY_FLAG            spot=324 rule=seq_integrity
       81330.0  ANOMALY_FLAG            spot=470 rule=seq_integrity
       81360.0  ANOMALY_FLAG            spot=428 rule=seq_integrity
       81420.0  ANOMALY_FLAG            spot=42 rule=seq_integrity
       81480.0  ANOMALY_FLAG            spot=65 rule=seq_integrity
       81510.0  ANOMALY_FLAG            spot=435 rule=seq_integrity
       81630.0  ANOMALY_FLAG            spot=490 rule=seq_integrity
       81720.0  ANOMALY_FLAG            spot=104 rule=rate_outlier
       81720.0  ANOMALY_FLAG            spot=104 rule=seq_integrity
       81780.0  ANOMALY_FLAG            spot=224 rule=seq_integrity
       81840.0  ANOMALY_FLAG            spot=285 rule=seq_integrity
       81990.0  ANOMALY_FLAG            spot=470 rule=seq_integrity
       82230.0  ANOMALY_FLAG            spot=324 rule=seq_integrity
       82410.0  ANOMALY_FLAG            spot=435 rule=seq_integrity
       82530.0  ANOMALY_FLAG            spot=376 rule=seq_integrity
       82740.0  ANOMALY_FLAG            spot=376 rule=seq_integrity
       82950.0  ANOMALY_FLAG            spot=324 rule=seq_integrity
       83220.0  ANOMALY_FLAG            spot=104 rule=seq_integrity
       83520.0  ANOMALY_FLAG            spot=289 rule=seq_integrity
       83730.0  ANOMALY_FLAG            spot=308 rule=seq_integrity
       84000.0  ANOMALY_FLAG            spot=322 rule=seq_integrity
       84240.0  ANOMALY_FLAG            spot=104 rule=seq_integrity
       84360.0  ANOMALY_FLAG            spot=354 rule=seq_integrity
       84510.0  ANOMALY_FLAG            spot=164 rule=seq_integrity
       84690.0  ANOMALY_FLAG            spot=176 rule=seq_integrity
       84930.0  ANOMALY_FLAG            spot=224 rule=seq_integrity
       84960.0  ANOMALY_FLAG            spot=428 rule=seq_integrity
       85020.0  ANOMALY_FLAG            spot=308 rule=seq_integrity
       85020.0  ANOMALY_FLAG            spot=42 rule=seq_integrity
       85080.0  ANOMALY_FLAG            spot=65 rule=seq_integrity
       85230.0  ANOMALY_FLAG            spot=490 rule=seq_integrity
       85380.0  ANOMALY_FLAG            spot=224 rule=seq_integrity
       85410.0  ANOMALY_FLAG            spot=164 rule=seq_integrity
       85440.0  ANOMALY_FLAG            spot=285 rule=seq_integrity
       85500.0  ANOMALY_FLAG            spot=435 rule=seq_integrity
       85650.0  ANOMALY_FLAG            spot=324 rule=seq_integrity
       85740.0  ANOMALY_FLAG            spot=104 rule=seq_integrity
       86010.0  ANOMALY_FLAG            spot=104 rule=seq_integrity
       86040.0  ANOMALY_FLAG            spot=470 rule=seq_integrity
       86160.0  ANOMALY_FLAG            spot=258 rule=seq_integrity
