Scenario Log: A6_adaptive_edge
Architecture: edge_aggregated   Protocol: mqtt
Traffic: peak   Spots: 500   Duration: 86400s
========================================================================

SUMMARY
  Anomalies detected    : 0
  Anomalies resolved    : 0
  Active at end         : 0
  Affected spots        : 0
  Quarantined at end    : 0
  Quarantine suppressed : 0
  Heartbeats suppressed : 30595
  Adaptive mode switches: 4

EVENT LOG
  t_virtual(s)  event                   detail
------------------------------------------------------------------------
         300.0  AGG_WINDOW_INCREASE     backhaul_window_DR=0.891 < 90% delta_sent=12 delta_recv=9 agg_interval=5.0→10.0s
         480.0  AGG_WINDOW_DECREASE     DR=0.921 healthy, agg_interval=10.0→5.0s
         900.0  AGG_WINDOW_INCREASE     backhaul_window_DR=0.898 < 90% delta_sent=12 delta_recv=10 agg_interval=5.0→10.0s
         990.0  AGG_WINDOW_INCREASE     backhaul_window_DR=0.894 < 90% delta_sent=8 delta_recv=7 agg_interval=10.0→20.0s
        1110.0  AGG_WINDOW_INCREASE     backhaul_window_DR=0.860 < 90% delta_sent=9 delta_recv=6 agg_interval=20.0→40.0s
        1290.0  AGG_WINDOW_INCREASE     backhaul_window_DR=0.881 < 90% delta_sent=8 delta_recv=8 agg_interval=40.0→60.0s
        1440.0  AGG_WINDOW_INCREASE     backhaul_window_DR=0.899 < 90% delta_sent=10 delta_recv=10 agg_interval=60.0→60.0s
        1620.0  AGG_WINDOW_INCREASE     backhaul_window_DR=0.881 < 90% delta_sent=9 delta_recv=7 agg_interval=60.0→60.0s
        1740.0  AGG_WINDOW_INCREASE     backhaul_window_DR=0.861 < 90% delta_sent=8 delta_recv=6 agg_interval=60.0→60.0s
        1890.0  AGG_WINDOW_INCREASE     backhaul_window_DR=0.863 < 90% delta_sent=8 delta_recv=7 agg_interval=60.0→60.0s
        2040.0  AGG_WINDOW_INCREASE     backhaul_window_DR=0.846 < 90% delta_sent=8 delta_recv=6 agg_interval=60.0→60.0s
        2190.0  AGG_WINDOW_INCREASE     backhaul_window_DR=0.832 < 90% delta_sent=8 delta_recv=6 agg_interval=60.0→60.0s
        2310.0  MODE_SWITCH             aggregated→filtered backhaul_window_DR=0.782 < 90% delta_sent=8 delta_recv=4 agg_interval=60.0→60.0s
       13590.0  MODE_SWITCH             filtered→aggregated backhaul_window_DR=0.930 >= 92% delta_sent=8 delta_recv=8
       13860.0  AGG_WINDOW_INCREASE     backhaul_window_DR=0.895 < 90% delta_sent=8 delta_recv=6 agg_interval=5.0→10.0s
       13950.0  AGG_WINDOW_INCREASE     backhaul_window_DR=0.854 < 90% delta_sent=8 delta_recv=5 agg_interval=10.0→20.0s
       14070.0  AGG_WINDOW_INCREASE     backhaul_window_DR=0.859 < 90% delta_sent=9 delta_recv=8 agg_interval=20.0→40.0s
       14220.0  AGG_WINDOW_INCREASE     backhaul_window_DR=0.866 < 90% delta_sent=10 delta_recv=9 agg_interval=40.0→60.0s
       14340.0  AGG_WINDOW_INCREASE     backhaul_window_DR=0.848 < 90% delta_sent=8 delta_recv=6 agg_interval=60.0→60.0s
       14460.0  AGG_WINDOW_INCREASE     backhaul_window_DR=0.815 < 90% delta_sent=8 delta_recv=5 agg_interval=60.0→60.0s
       14550.0  AGG_WINDOW_INCREASE     backhaul_window_DR=0.843 < 90% delta_sent=8 delta_recv=8 agg_interval=60.0→60.0s
       14670.0  AGG_WINDOW_INCREASE     backhaul_window_DR=0.816 < 90% delta_sent=9 delta_recv=6 agg_interval=60.0→60.0s
       14790.0  AGG_WINDOW_INCREASE     backhaul_window_DR=0.810 < 90% delta_sent=9 delta_recv=7 agg_interval=60.0→60.0s
       14910.0  AGG_WINDOW_INCREASE     backhaul_window_DR=0.839 < 90% delta_sent=9 delta_recv=9 agg_interval=60.0→60.0s
       15030.0  AGG_WINDOW_INCREASE     backhaul_window_DR=0.863 < 90% delta_sent=9 delta_recv=9 agg_interval=60.0→60.0s
       15150.0  AGG_WINDOW_INCREASE     backhaul_window_DR=0.884 < 90% delta_sent=9 delta_recv=9 agg_interval=60.0→60.0s
       15390.0  AGG_WINDOW_INCREASE     backhaul_window_DR=0.899 < 90% delta_sent=9 delta_recv=8 agg_interval=60.0→60.0s
       15510.0  AGG_WINDOW_INCREASE     backhaul_window_DR=0.884 < 90% delta_sent=10 delta_recv=8 agg_interval=60.0→60.0s
       15630.0  AGG_WINDOW_INCREASE     backhaul_window_DR=0.885 < 90% delta_sent=9 delta_recv=8 agg_interval=60.0→60.0s
       15750.0  AGG_WINDOW_INCREASE     backhaul_window_DR=0.886 < 90% delta_sent=9 delta_recv=8 agg_interval=60.0→60.0s
       16110.0  AGG_WINDOW_DECREASE     DR=0.930 healthy, agg_interval=60.0→30.0s
       16230.0  AGG_WINDOW_DECREASE     DR=0.922 healthy, agg_interval=30.0→15.0s
       16320.0  AGG_WINDOW_DECREASE     DR=0.933 healthy, agg_interval=15.0→7.5s
       16410.0  AGG_WINDOW_DECREASE     DR=0.943 healthy, agg_interval=7.5→5.0s
       19080.0  AGG_WINDOW_INCREASE     backhaul_window_DR=0.893 < 90% delta_sent=10 delta_recv=7 agg_interval=5.0→10.0s
       19170.0  AGG_WINDOW_INCREASE     backhaul_window_DR=0.892 < 90% delta_sent=9 delta_recv=8 agg_interval=10.0→20.0s
       19350.0  AGG_WINDOW_DECREASE     DR=0.922 healthy, agg_interval=20.0→10.0s
       19440.0  AGG_WINDOW_DECREASE     DR=0.934 healthy, agg_interval=10.0→5.0s
       32850.0  AGG_WINDOW_INCREASE     backhaul_window_DR=0.895 < 90% delta_sent=8 delta_recv=6 agg_interval=5.0→10.0s
       33030.0  AGG_WINDOW_DECREASE     DR=0.924 healthy, agg_interval=10.0→5.0s
       34830.0  AGG_WINDOW_INCREASE     backhaul_window_DR=0.899 < 90% delta_sent=12 delta_recv=10 agg_interval=5.0→10.0s
       34920.0  AGG_WINDOW_INCREASE     backhaul_window_DR=0.864 < 90% delta_sent=9 delta_recv=6 agg_interval=10.0→20.0s
       35040.0  AGG_WINDOW_INCREASE     backhaul_window_DR=0.868 < 90% delta_sent=9 delta_recv=8 agg_interval=20.0→40.0s
       35160.0  AGG_WINDOW_INCREASE     backhaul_window_DR=0.869 < 90% delta_sent=8 delta_recv=7 agg_interval=40.0→60.0s
       35280.0  AGG_WINDOW_INCREASE     backhaul_window_DR=0.872 < 90% delta_sent=9 delta_recv=8 agg_interval=60.0→60.0s
       35430.0  AGG_WINDOW_INCREASE     backhaul_window_DR=0.872 < 90% delta_sent=8 delta_recv=7 agg_interval=60.0→60.0s
       35580.0  AGG_WINDOW_INCREASE     backhaul_window_DR=0.875 < 90% delta_sent=9 delta_recv=8 agg_interval=60.0→60.0s
       35700.0  AGG_WINDOW_INCREASE     backhaul_window_DR=0.875 < 90% delta_sent=8 delta_recv=7 agg_interval=60.0→60.0s
       35850.0  AGG_WINDOW_INCREASE     backhaul_window_DR=0.860 < 90% delta_sent=9 delta_recv=7 agg_interval=60.0→60.0s
       36000.0  AGG_WINDOW_INCREASE     backhaul_window_DR=0.866 < 90% delta_sent=10 delta_recv=9 agg_interval=60.0→60.0s
       36120.0  AGG_WINDOW_INCREASE     backhaul_window_DR=0.886 < 90% delta_sent=9 delta_recv=9 agg_interval=60.0→60.0s
       36510.0  AGG_WINDOW_INCREASE     backhaul_window_DR=0.899 < 90% delta_sent=9 delta_recv=8 agg_interval=60.0→60.0s
       36630.0  AGG_WINDOW_INCREASE     backhaul_window_DR=0.896 < 90% delta_sent=8 delta_recv=7 agg_interval=60.0→60.0s
       36750.0  AGG_WINDOW_INCREASE     backhaul_window_DR=0.895 < 90% delta_sent=9 delta_recv=8 agg_interval=60.0→60.0s
       37020.0  AGG_WINDOW_INCREASE     backhaul_window_DR=0.891 < 90% delta_sent=9 delta_recv=7 agg_interval=60.0→60.0s
       37350.0  AGG_WINDOW_INCREASE     backhaul_window_DR=0.900 < 90% delta_sent=8 delta_recv=7 agg_interval=60.0→60.0s
       37590.0  AGG_WINDOW_INCREASE     backhaul_window_DR=0.883 < 90% delta_sent=10 delta_recv=7 agg_interval=60.0→60.0s
       37710.0  AGG_WINDOW_INCREASE     backhaul_window_DR=0.867 < 90% delta_sent=9 delta_recv=7 agg_interval=60.0→60.0s
       37830.0  AGG_WINDOW_INCREASE     backhaul_window_DR=0.854 < 90% delta_sent=9 delta_recv=7 agg_interval=60.0→60.0s
       37950.0  AGG_WINDOW_INCREASE     backhaul_window_DR=0.826 < 90% delta_sent=9 delta_recv=6 agg_interval=60.0→60.0s
       38070.0  AGG_WINDOW_INCREASE     backhaul_window_DR=0.833 < 90% delta_sent=8 delta_recv=7 agg_interval=60.0→60.0s
       38190.0  AGG_WINDOW_INCREASE     backhaul_window_DR=0.821 < 90% delta_sent=8 delta_recv=6 agg_interval=60.0→60.0s
       38310.0  AGG_WINDOW_INCREASE     backhaul_window_DR=0.831 < 90% delta_sent=9 delta_recv=8 agg_interval=60.0→60.0s
       38430.0  AGG_WINDOW_INCREASE     backhaul_window_DR=0.856 < 90% delta_sent=8 delta_recv=8 agg_interval=60.0→60.0s
       38550.0  AGG_WINDOW_INCREASE     backhaul_window_DR=0.859 < 90% delta_sent=8 delta_recv=7 agg_interval=60.0→60.0s
       38670.0  AGG_WINDOW_INCREASE     backhaul_window_DR=0.861 < 90% delta_sent=8 delta_recv=7 agg_interval=60.0→60.0s
       38820.0  AGG_WINDOW_INCREASE     backhaul_window_DR=0.866 < 90% delta_sent=9 delta_recv=8 agg_interval=60.0→60.0s
       38940.0  AGG_WINDOW_INCREASE     backhaul_window_DR=0.867 < 90% delta_sent=8 delta_recv=7 agg_interval=60.0→60.0s
       39060.0  AGG_WINDOW_INCREASE     backhaul_window_DR=0.868 < 90% delta_sent=8 delta_recv=7 agg_interval=60.0→60.0s
       39180.0  AGG_WINDOW_INCREASE     backhaul_window_DR=0.871 < 90% delta_sent=9 delta_recv=8 agg_interval=60.0→60.0s
       39300.0  AGG_WINDOW_INCREASE     backhaul_window_DR=0.874 < 90% delta_sent=9 delta_recv=8 agg_interval=60.0→60.0s
       39420.0  AGG_WINDOW_INCREASE     backhaul_window_DR=0.855 < 90% delta_sent=8 delta_recv=6 agg_interval=60.0→60.0s
       39510.0  AGG_WINDOW_INCREASE     backhaul_window_DR=0.858 < 90% delta_sent=8 delta_recv=7 agg_interval=60.0→60.0s
       39630.0  AGG_WINDOW_INCREASE     backhaul_window_DR=0.861 < 90% delta_sent=8 delta_recv=7 agg_interval=60.0→60.0s
       39750.0  AGG_WINDOW_INCREASE     backhaul_window_DR=0.848 < 90% delta_sent=9 delta_recv=7 agg_interval=60.0→60.0s
       39900.0  AGG_WINDOW_INCREASE     backhaul_window_DR=0.838 < 90% delta_sent=9 delta_recv=7 agg_interval=60.0→60.0s
       40020.0  AGG_WINDOW_INCREASE     backhaul_window_DR=0.845 < 90% delta_sent=9 delta_recv=8 agg_interval=60.0→60.0s
       40140.0  AGG_WINDOW_INCREASE     backhaul_window_DR=0.831 < 90% delta_sent=8 delta_recv=6 agg_interval=60.0→60.0s
       40260.0  AGG_WINDOW_INCREASE     backhaul_window_DR=0.856 < 90% delta_sent=9 delta_recv=9 agg_interval=60.0→60.0s
       40380.0  AGG_WINDOW_INCREASE     backhaul_window_DR=0.859 < 90% delta_sent=8 delta_recv=7 agg_interval=60.0→60.0s
       40500.0  AGG_WINDOW_INCREASE     backhaul_window_DR=0.847 < 90% delta_sent=9 delta_recv=7 agg_interval=60.0→60.0s
       40620.0  AGG_WINDOW_INCREASE     backhaul_window_DR=0.851 < 90% delta_sent=8 delta_recv=7 agg_interval=60.0→60.0s
       40740.0  AGG_WINDOW_INCREASE     backhaul_window_DR=0.807 < 90% delta_sent=9 delta_recv=5 agg_interval=60.0→60.0s
       40860.0  AGG_WINDOW_INCREASE     backhaul_window_DR=0.836 < 90% delta_sent=8 delta_recv=8 agg_interval=60.0→60.0s
       40980.0  AGG_WINDOW_INCREASE     backhaul_window_DR=0.860 < 90% delta_sent=9 delta_recv=9 agg_interval=60.0→60.0s
       41100.0  AGG_WINDOW_INCREASE     backhaul_window_DR=0.844 < 90% delta_sent=8 delta_recv=6 agg_interval=60.0→60.0s
       41220.0  AGG_WINDOW_INCREASE     backhaul_window_DR=0.817 < 90% delta_sent=9 delta_recv=6 agg_interval=60.0→60.0s
       41340.0  MODE_SWITCH             aggregated→filtered backhaul_window_DR=0.788 < 90% delta_sent=8 delta_recv=5 agg_interval=60.0→60.0s
       50670.0  MODE_SWITCH             filtered→aggregated backhaul_window_DR=0.925 >= 92% delta_sent=10 delta_recv=10
       83550.0  AGG_WINDOW_INCREASE     backhaul_window_DR=0.887 < 90% delta_sent=10 delta_recv=6 agg_interval=5.0→10.0s
       83760.0  AGG_WINDOW_INCREASE     backhaul_window_DR=0.899 < 90% delta_sent=8 delta_recv=7 agg_interval=10.0→20.0s
       84060.0  AGG_WINDOW_DECREASE     DR=0.927 healthy, agg_interval=20.0→10.0s
       84180.0  AGG_WINDOW_DECREASE     DR=0.938 healthy, agg_interval=10.0→5.0s
       84540.0  AGG_WINDOW_INCREASE     backhaul_window_DR=0.882 < 90% delta_sent=9 delta_recv=7 agg_interval=5.0→10.0s
       84840.0  AGG_WINDOW_DECREASE     DR=0.928 healthy, agg_interval=10.0→5.0s
       84960.0  AGG_WINDOW_INCREASE     backhaul_window_DR=0.894 < 90% delta_sent=8 delta_recv=6 agg_interval=5.0→10.0s
       85170.0  AGG_WINDOW_DECREASE     DR=0.924 healthy, agg_interval=10.0→5.0s
       86100.0  AGG_WINDOW_INCREASE     backhaul_window_DR=0.892 < 90% delta_sent=9 delta_recv=6 agg_interval=5.0→10.0s
