Scenario Log: A9_adaptive_edge
Architecture: edge_aggregated   Protocol: mqtt
Traffic: peak   Spots: 500   Duration: 10800s
========================================================================

SUMMARY
  Anomalies detected    : 0
  Anomalies resolved    : 0
  Active at end         : 0
  Affected spots        : 0
  Quarantined at end    : 0
  Quarantine suppressed : 0
  Heartbeats suppressed : 3758
  Adaptive mode switches: 1

EVENT LOG
  t_virtual(s)  event                   detail
------------------------------------------------------------------------
         240.0  AGG_WINDOW_INCREASE     backhaul_window_DR=0.881 < 90% delta_sent=12 delta_recv=9 agg_interval=5.0→10.0s
         330.0  AGG_WINDOW_INCREASE     backhaul_window_DR=0.899 < 90% delta_sent=8 delta_recv=8 agg_interval=10.0→20.0s
         510.0  AGG_WINDOW_DECREASE     DR=0.927 healthy, agg_interval=20.0→10.0s
         600.0  AGG_WINDOW_DECREASE     DR=0.921 healthy, agg_interval=10.0→5.0s
         960.0  AGG_WINDOW_INCREASE     backhaul_window_DR=0.896 < 90% delta_sent=9 delta_recv=7 agg_interval=5.0→10.0s
        1080.0  AGG_WINDOW_INCREASE     backhaul_window_DR=0.851 < 90% delta_sent=10 delta_recv=6 agg_interval=10.0→20.0s
        1200.0  AGG_WINDOW_INCREASE     backhaul_window_DR=0.840 < 90% delta_sent=9 delta_recv=7 agg_interval=20.0→40.0s
        1350.0  AGG_WINDOW_INCREASE     backhaul_window_DR=0.808 < 90% delta_sent=8 delta_recv=5 agg_interval=40.0→60.0s
        1500.0  AGG_WINDOW_INCREASE     backhaul_window_DR=0.837 < 90% delta_sent=8 delta_recv=8 agg_interval=60.0→60.0s
        1620.0  AGG_WINDOW_INCREASE     backhaul_window_DR=0.861 < 90% delta_sent=8 delta_recv=8 agg_interval=60.0→60.0s
        1740.0  AGG_WINDOW_INCREASE     backhaul_window_DR=0.882 < 90% delta_sent=8 delta_recv=8 agg_interval=60.0→60.0s
        1860.0  AGG_WINDOW_INCREASE     backhaul_window_DR=0.862 < 90% delta_sent=8 delta_recv=6 agg_interval=60.0→60.0s
        1980.0  AGG_WINDOW_INCREASE     backhaul_window_DR=0.850 < 90% delta_sent=9 delta_recv=7 agg_interval=60.0→60.0s
        2100.0  AGG_WINDOW_INCREASE     backhaul_window_DR=0.872 < 90% delta_sent=8 delta_recv=8 agg_interval=60.0→60.0s
        2250.0  AGG_WINDOW_INCREASE     backhaul_window_DR=0.891 < 90% delta_sent=9 delta_recv=9 agg_interval=60.0→60.0s
        2550.0  AGG_WINDOW_INCREASE     backhaul_window_DR=0.871 < 90% delta_sent=9 delta_recv=6 agg_interval=60.0→60.0s
        2670.0  AGG_WINDOW_INCREASE     backhaul_window_DR=0.891 < 90% delta_sent=8 delta_recv=8 agg_interval=60.0→60.0s
        2790.0  AGG_WINDOW_INCREASE     backhaul_window_DR=0.840 < 90% delta_sent=9 delta_recv=5 agg_interval=60.0→60.0s
        2940.0  AGG_WINDOW_INCREASE     backhaul_window_DR=0.819 < 90% delta_sent=10 delta_recv=7 agg_interval=60.0→60.0s
        3060.0  AGG_WINDOW_INCREASE     backhaul_window_DR=0.846 < 90% delta_sent=8 delta_recv=8 agg_interval=60.0→60.0s
        3180.0  MODE_SWITCH             aggregated→filtered backhaul_window_DR=0.770 < 90% delta_sent=9 delta_recv=3 agg_interval=60.0→60.0s
